  Assembling boot.asm...
boot.asm(2): error A2008: syntax error : [
boot.asm(3): error A2008: syntax error : [
boot.asm(5): error A2034: must be in segment block
boot.asm(7): error A2034: must be in segment block
boot.asm(8): error A2034: must be in segment block
boot.asm(9): error A2034: must be in segment block
boot.asm(10): error A2034: must be in segment block
boot.asm(11): error A2034: must be in segment block
boot.asm(12): error A2034: must be in segment block
boot.asm(13): error A2034: must be in segment block
boot.asm(16): error A2034: must be in segment block
boot.asm(17): error A2034: must be in segment block
boot.asm(18): error A2034: must be in segment block
boot.asm(19): error A2034: must be in segment block
boot.asm(20): error A2034: must be in segment block
boot.asm(21): error A2034: must be in segment block
boot.asm(22): error A2034: must be in segment block
boot.asm(23): error A2034: must be in segment block
boot.asm(26): error A2034: must be in segment block
boot.asm(28): error A2008: syntax error : integer
boot.asm(29): error A2034: must be in segment block
boot.asm(29): error A2088: END directive required at end of file
C:\Program Files\Microsoft Visual Studio\2022\Community\MSBuild\Microsoft\VC\v170\BuildCustomizations\masm.targets(70,5): error MSB3721: The command "ml64.exe /c /nologo /Zi /Fo"ryfgh\x64\Debug\boot.obj" /W3 /errorReport:prompt  /Taboot.asm" exited with code 1.
